2025-11-10 08:14:15 - __main__ - INFO - Démarrage du processus ETL Data Lake
2025-11-10 08:14:15 - __main__ - INFO - 🔍 Vérification des prérequis...
2025-11-10 08:14:17 - loaders.hdfs_loader - INFO - ✅ Connexion HDFS établie
2025-11-10 08:14:17 - loaders.hdfs_loader - INFO - 📁 Initialisation de la structure HDFS...
2025-11-10 08:14:17 - loaders.hdfs_loader - ERROR - ❌ Erreur création répertoire /datalake: No response
2025-11-10 08:14:17 - loaders.hdfs_loader - ERROR - ❌ Erreur création répertoire /datalake/raw: No response
2025-11-10 08:14:17 - loaders.hdfs_loader - ERROR - ❌ Erreur création répertoire /datalake/processed: No response
2025-11-10 08:14:17 - loaders.hdfs_loader - ERROR - ❌ Erreur création répertoire /datalake/raw/mysql: No response
2025-11-10 08:14:17 - loaders.hdfs_loader - ERROR - ❌ Erreur création répertoire /datalake/raw/mongodb: No response
2025-11-10 08:14:17 - loaders.hdfs_loader - ERROR - ❌ Erreur création répertoire /datalake/raw/csv: No response
2025-11-10 08:14:17 - loaders.hdfs_loader - ERROR - ❌ Erreur création répertoire /datalake/raw/excel: No response
2025-11-10 08:14:17 - loaders.hdfs_loader - WARNING - ⚠️  Certains répertoires n'ont pas pu être créés
2025-11-10 08:14:17 - __main__ - WARNING - ⚠️  Problème lors de l'initialisation des répertoires HDFS
2025-11-10 08:14:17 - __main__ - INFO - ✅ Prérequis validés
2025-11-10 08:14:17 - __main__ - INFO - 
============================================================
2025-11-10 08:14:17 - __main__ - INFO - 📊 PHASE 1: Extraction MySQL
2025-11-10 08:14:17 - __main__ - INFO - ============================================================
2025-11-10 08:14:17 - extractors.mysql_extractor - INFO - ✅ Connexion MySQL établie: mysql:3306
2025-11-10 08:14:17 - extractors.mysql_extractor - INFO - 📋 Tables trouvées: []
2025-11-10 08:14:17 - extractors.mysql_extractor - INFO - Connexion MySQL fermée
2025-11-10 08:14:17 - extractors.mysql_extractor - INFO - 📊 Total tables MySQL extraites: 0
2025-11-10 08:14:17 - __main__ - WARNING - ⚠️  Aucune donnée MySQL extraite
2025-11-10 08:14:17 - __main__ - INFO - 
============================================================
2025-11-10 08:14:17 - __main__ - INFO - 🍃 PHASE 2: Extraction MongoDB
2025-11-10 08:14:17 - __main__ - INFO - ============================================================
2025-11-10 08:14:17 - extractors.mongodb_extractor - INFO - ✅ Connexion MongoDB établie: mongodb://mongodb:27017/
2025-11-10 08:14:17 - extractors.mongodb_extractor - INFO - 📋 Collections trouvées: []
2025-11-10 08:14:17 - extractors.mongodb_extractor - INFO - Connexion MongoDB fermée
2025-11-10 08:14:17 - extractors.mongodb_extractor - INFO - 📊 Total collections MongoDB extraites: 0
2025-11-10 08:14:17 - __main__ - WARNING - ⚠️  Aucune donnée MongoDB extraite
2025-11-10 08:14:17 - __main__ - INFO - 
============================================================
2025-11-10 08:14:17 - __main__ - INFO - 📁 PHASE 3: Extraction Fichiers (CSV & Excel)
2025-11-10 08:14:17 - __main__ - INFO - ============================================================
2025-11-10 08:14:17 - extractors.file_extractor - INFO - 📂 1 fichiers CSV trouvés
2025-11-10 08:14:17 - extractors.file_extractor - INFO - ✅ CSV 'Cardiovascular_Disease_Dataset' extrait: 1000 lignes, 14 colonnes
2025-11-10 08:14:17 - extractors.file_extractor - INFO - 📊 Total fichiers CSV extraits: 1
2025-11-10 08:14:17 - extractors.file_extractor - INFO - 📂 1 fichiers Excel trouvés
2025-11-10 08:14:25 - extractors.file_extractor - INFO - ✅ Excel 'cardio_train' extrait: 70000 lignes, 13 colonnes
2025-11-10 08:14:25 - extractors.file_extractor - INFO - 📊 Total fichiers Excel extraits: 1
2025-11-10 08:14:25 - __main__ - INFO - 
============================================================
2025-11-10 08:14:25 - __main__ - INFO - 💾 PHASE 4: Chargement vers HDFS
2025-11-10 08:14:25 - __main__ - INFO - ============================================================
2025-11-10 08:14:25 - loaders.hdfs_loader - INFO - 📤 Chargement fichiers CSV vers HDFS...
2025-11-10 08:14:26 - loaders.hdfs_loader - INFO - ✅ Fichier uploadé: /datalake/raw/csv/Cardiovascular_Disease_Dataset.parquet (0.02 MB)
2025-11-10 08:14:26 - loaders.hdfs_loader - INFO - ✅ CSV: 1/1 fichiers chargés
2025-11-10 08:14:26 - loaders.hdfs_loader - INFO - 📤 Chargement fichiers Excel vers HDFS...
2025-11-10 08:14:27 - loaders.hdfs_loader - INFO - ✅ Fichier uploadé: /datalake/raw/excel/cardio_train.parquet (0.85 MB)
2025-11-10 08:14:27 - loaders.hdfs_loader - INFO - ✅ Excel: 1/1 fichiers chargés
2025-11-10 08:14:27 - __main__ - INFO - Processus ETL terminé
