2025-11-06 09:51:34,955 - __main__ - INFO - ============================================================
2025-11-06 09:51:34,956 - __main__ - INFO - DÉMARRAGE ETL DATA WAREHOUSE
2025-11-06 09:51:34,956 - __main__ - INFO - ============================================================
2025-11-06 09:51:34,982 - __main__ - INFO - ✓ Connexion à PostgreSQL réussie
2025-11-06 09:51:35,005 - __main__ - INFO - ✓ Tables de staging créées
2025-11-06 09:51:35,043 - __main__ - INFO - ✓ Tables de dimensions créées
2025-11-06 09:51:35,064 - __main__ - INFO - ✓ Tables de faits créées
2025-11-06 09:51:35,067 - __main__ - INFO - Chargement de données d'exemple...
2025-11-06 09:51:35,074 - __main__ - INFO - ✓ Données d'exemple chargées dans staging
2025-11-06 09:51:35,079 - __main__ - INFO - ✓ Dimensions chargées
2025-11-06 09:51:35,090 - __main__ - ERROR - ✗ Erreur ETL: insert or update on table "fact_sales" violates foreign key constraint "fact_sales_date_key_fkey"
DETAIL:  Key (date_key)=(20241101) is not present in table "dim_date".

2025-11-06 09:54:40,179 - __main__ - INFO - ============================================================
2025-11-06 09:54:40,180 - __main__ - INFO - DÉMARRAGE ETL DATA WAREHOUSE
2025-11-06 09:54:40,181 - __main__ - INFO - ============================================================
2025-11-06 09:54:40,197 - __main__ - INFO - ✓ Connexion à PostgreSQL réussie
2025-11-06 09:54:40,199 - __main__ - INFO - ✓ Tables de staging créées
2025-11-06 09:54:40,200 - __main__ - INFO - ✓ Tables de dimensions créées
2025-11-06 09:54:40,202 - __main__ - INFO - Peuplement de la dimension date (2020-2030)...
2025-11-06 09:54:40,203 - __main__ - WARNING - Fonction populate_dim_date non disponible: function dim.populate_dim_date(date, date) does not exist
LINE 1: SELECT dim.populate_dim_date('2020-01-01'::DATE, '2030-12-31...
               ^
HINT:  No function matches the given name and argument types. You might need to add explicit type casts.

2025-11-06 09:54:40,203 - __main__ - INFO - Peuplement manuel de la dimension date...
2025-11-06 09:54:40,212 - __main__ - ERROR - ✗ Erreur ETL: current transaction is aborted, commands ignored until end of transaction block

2025-11-06 09:55:34,757 - __main__ - INFO - ============================================================
2025-11-06 09:55:34,758 - __main__ - INFO - DÉMARRAGE ETL DATA WAREHOUSE
2025-11-06 09:55:34,759 - __main__ - INFO - ============================================================
2025-11-06 09:55:34,774 - __main__ - INFO - ✓ Connexion à PostgreSQL réussie
2025-11-06 09:55:34,793 - __main__ - INFO - ✓ Tables de staging créées
2025-11-06 09:55:34,832 - __main__ - INFO - ✓ Tables de dimensions créées
2025-11-06 09:55:34,835 - __main__ - INFO - ✓ Dimension date déjà peuplée (4018 lignes)
2025-11-06 09:55:34,854 - __main__ - INFO - ✓ Tables de faits créées
2025-11-06 09:55:34,858 - __main__ - INFO - Chargement de données d'exemple...
2025-11-06 09:55:34,863 - __main__ - INFO - ✓ Données d'exemple chargées dans staging
2025-11-06 09:55:34,867 - __main__ - INFO - ✓ Dimensions chargées
2025-11-06 09:55:34,875 - __main__ - INFO - ✓ 5 lignes chargées dans fact_sales
2025-11-06 09:55:34,888 - __main__ - INFO - ✓ Vues analytics créées
2025-11-06 09:55:34,889 - __main__ - INFO - ============================================================
2025-11-06 09:55:34,890 - __main__ - INFO - ✓ ETL TERMINÉ AVEC SUCCÈS
2025-11-06 09:55:34,890 - __main__ - INFO - ============================================================
2025-11-06 09:57:19,659 - __main__ - INFO - ============================================================
2025-11-06 09:57:19,659 - __main__ - INFO - DÉMARRAGE ETL DATA WAREHOUSE
2025-11-06 09:57:19,660 - __main__ - INFO - ============================================================
2025-11-06 09:57:19,670 - __main__ - INFO - ✓ Connexion à PostgreSQL réussie
2025-11-06 09:57:19,672 - __main__ - INFO - ✓ Tables de staging créées
2025-11-06 09:57:19,673 - __main__ - INFO - ✓ Tables de dimensions créées
2025-11-06 09:57:19,675 - __main__ - INFO - ✓ Dimension date déjà peuplée (4018 lignes)
2025-11-06 09:57:19,676 - __main__ - INFO - ✓ Tables de faits créées
2025-11-06 09:57:19,679 - __main__ - INFO - Chargement de données d'exemple...
2025-11-06 09:57:19,684 - __main__ - INFO - ✓ Données d'exemple chargées dans staging
2025-11-06 09:57:19,689 - __main__ - INFO - ✓ Dimensions chargées
2025-11-06 09:57:19,692 - __main__ - INFO - ✓ 0 lignes chargées dans fact_sales
2025-11-06 09:57:19,702 - __main__ - INFO - ✓ Vues analytics créées
2025-11-06 09:57:19,702 - __main__ - INFO - ============================================================
2025-11-06 09:57:19,703 - __main__ - INFO - ✓ ETL TERMINÉ AVEC SUCCÈS
2025-11-06 09:57:19,704 - __main__ - INFO - ============================================================
2025-11-06 10:08:19,583 - __main__ - INFO - ============================================================
2025-11-06 10:08:19,583 - __main__ - INFO - DÉMARRAGE ETL DATA WAREHOUSE
2025-11-06 10:08:19,584 - __main__ - INFO - ============================================================
2025-11-06 10:08:19,598 - __main__ - INFO - ✓ Connexion à PostgreSQL réussie
2025-11-06 10:08:19,602 - __main__ - INFO - ✓ Tables de staging créées
2025-11-06 10:08:19,603 - __main__ - INFO - ✓ Tables de dimensions créées
2025-11-06 10:08:19,605 - __main__ - INFO - ✓ Dimension date déjà peuplée (4018 lignes)
2025-11-06 10:08:19,609 - __main__ - INFO - ✓ Tables de faits créées
2025-11-06 10:08:19,612 - __main__ - INFO - Chargement de données d'exemple...
2025-11-06 10:08:19,616 - __main__ - INFO - ✓ Données d'exemple chargées dans staging
2025-11-06 10:08:19,621 - __main__ - INFO - ✓ Dimensions chargées
2025-11-06 10:08:19,625 - __main__ - INFO - ✓ 0 lignes chargées dans fact_sales
2025-11-06 10:08:19,639 - __main__ - INFO - ✓ Vues analytics créées
2025-11-06 10:08:19,640 - __main__ - INFO - ============================================================
2025-11-06 10:08:19,640 - __main__ - INFO - ✓ ETL TERMINÉ AVEC SUCCÈS
2025-11-06 10:08:19,641 - __main__ - INFO - ============================================================
2025-11-10 08:13:53,757 - __main__ - INFO - ============================================================
2025-11-10 08:13:53,759 - __main__ - INFO - DÉMARRAGE ETL DATA WAREHOUSE
2025-11-10 08:13:53,759 - __main__ - INFO - ============================================================
2025-11-10 08:13:53,808 - __main__ - INFO - ✓ Connexion à PostgreSQL réussie
2025-11-10 08:13:53,826 - __main__ - INFO - ✓ Tables de staging créées
2025-11-10 08:13:53,831 - __main__ - INFO - ✓ Tables de dimensions créées
2025-11-10 08:13:53,869 - __main__ - INFO - ✓ Dimension date déjà peuplée (4018 lignes)
2025-11-10 08:13:53,880 - __main__ - INFO - ✓ Tables de faits créées
2025-11-10 08:13:53,889 - __main__ - INFO - Chargement de données d'exemple...
2025-11-10 08:13:53,907 - __main__ - INFO - ✓ Données d'exemple chargées dans staging
2025-11-10 08:13:53,923 - __main__ - INFO - ✓ Dimensions chargées
2025-11-10 08:13:53,935 - __main__ - INFO - ✓ 0 lignes chargées dans fact_sales
2025-11-10 08:13:53,965 - __main__ - INFO - ✓ Vues analytics créées
2025-11-10 08:13:53,965 - __main__ - INFO - ============================================================
2025-11-10 08:13:53,968 - __main__ - INFO - ✓ ETL TERMINÉ AVEC SUCCÈS
2025-11-10 08:13:53,969 - __main__ - INFO - ============================================================
2025-11-10 08:14:07,514 - __main__ - INFO - ============================================================
2025-11-10 08:14:07,520 - __main__ - INFO - DÉMARRAGE ETL DATA WAREHOUSE
2025-11-10 08:14:07,525 - __main__ - INFO - ============================================================
2025-11-10 08:14:07,541 - __main__ - INFO - ✓ Connexion à PostgreSQL réussie
2025-11-10 08:14:07,545 - __main__ - INFO - ✓ Tables de staging créées
2025-11-10 08:14:07,564 - __main__ - INFO - ✓ Tables de dimensions créées
2025-11-10 08:14:07,577 - __main__ - INFO - ✓ Dimension date déjà peuplée (4018 lignes)
2025-11-10 08:14:07,581 - __main__ - INFO - ✓ Tables de faits créées
2025-11-10 08:14:07,585 - __main__ - INFO - Chargement de données d'exemple...
2025-11-10 08:14:07,591 - __main__ - INFO - ✓ Données d'exemple chargées dans staging
2025-11-10 08:14:07,598 - __main__ - INFO - ✓ Dimensions chargées
2025-11-10 08:14:07,607 - __main__ - INFO - ✓ 0 lignes chargées dans fact_sales
2025-11-10 08:14:07,622 - __main__ - INFO - ✓ Vues analytics créées
2025-11-10 08:14:07,623 - __main__ - INFO - ============================================================
2025-11-10 08:14:07,624 - __main__ - INFO - ✓ ETL TERMINÉ AVEC SUCCÈS
2025-11-10 08:14:07,628 - __main__ - INFO - ============================================================
2025-11-14 08:34:49,258 - __main__ - INFO - ============================================================
2025-11-14 08:34:49,259 - __main__ - INFO - DÉMARRAGE ETL DATA WAREHOUSE
2025-11-14 08:34:49,260 - __main__ - INFO - ============================================================
2025-11-14 08:34:49,301 - __main__ - INFO - ✓ Connexion à PostgreSQL réussie
2025-11-14 08:34:49,316 - __main__ - INFO - ✓ Tables de staging créées
2025-11-14 08:34:49,319 - __main__ - INFO - ✓ Tables de dimensions créées
2025-11-14 08:34:49,346 - __main__ - INFO - ✓ Dimension date déjà peuplée (4018 lignes)
2025-11-14 08:34:49,358 - __main__ - INFO - ✓ Tables de faits créées
2025-11-14 08:34:49,372 - __main__ - INFO - Chargement de données d'exemple...
2025-11-14 08:34:49,384 - __main__ - INFO - ✓ Données d'exemple chargées dans staging
2025-11-14 08:34:49,404 - __main__ - INFO - ✓ Dimensions chargées
2025-11-14 08:34:49,418 - __main__ - INFO - ✓ 0 lignes chargées dans fact_sales
2025-11-14 08:34:49,451 - __main__ - INFO - ✓ Vues analytics créées
2025-11-14 08:34:49,452 - __main__ - INFO - ============================================================
2025-11-14 08:34:49,453 - __main__ - INFO - ✓ ETL TERMINÉ AVEC SUCCÈS
2025-11-14 08:34:49,454 - __main__ - INFO - ============================================================
2025-11-14 09:14:26,179 - __main__ - INFO - ============================================================
2025-11-14 09:14:26,180 - __main__ - INFO - DÉMARRAGE ETL DATA WAREHOUSE
2025-11-14 09:14:26,180 - __main__ - INFO - ============================================================
2025-11-14 09:14:26,193 - __main__ - INFO - ✓ Connexion à PostgreSQL réussie
2025-11-14 09:14:26,195 - __main__ - INFO - ✓ Tables de staging créées
2025-11-14 09:14:26,196 - __main__ - INFO - ✓ Tables de dimensions créées
2025-11-14 09:14:26,198 - __main__ - INFO - ✓ Dimension date déjà peuplée (4018 lignes)
2025-11-14 09:14:26,200 - __main__ - INFO - ✓ Tables de faits créées
2025-11-14 09:14:26,203 - __main__ - ERROR - ✗ Erreur ETL: 'DataWarehouseETL' object has no attribute 'load_sample_data'
2025-11-14 09:17:57,239 - __main__ - INFO - ============================================================
2025-11-14 09:17:57,240 - __main__ - INFO - DÉMARRAGE ETL DATA WAREHOUSE
2025-11-14 09:17:57,241 - __main__ - INFO - ============================================================
2025-11-14 09:17:57,256 - __main__ - INFO - ✓ Connexion à PostgreSQL réussie
2025-11-14 09:17:57,259 - __main__ - INFO - ✓ Tables de staging créées
2025-11-14 09:17:57,261 - __main__ - INFO - ✓ Tables de dimensions créées
2025-11-14 09:17:57,263 - __main__ - INFO - ✓ Dimension date déjà peuplée (4018 lignes)
2025-11-14 09:17:57,267 - __main__ - INFO - ✓ Tables de faits créées
2025-11-14 09:17:57,272 - __main__ - ERROR - ✗ Erreur ETL: name 'rows' is not defined
2025-11-14 09:32:58,654 - __main__ - INFO - ======================================================================
2025-11-14 09:32:58,655 - __main__ - INFO - DÉMARRAGE ETL RÉEL : DATA LAKE → DATA WAREHOUSE
2025-11-14 09:32:58,655 - __main__ - INFO - ======================================================================
2025-11-14 09:32:58,665 - __main__ - INFO - Connexion PostgreSQL OK
2025-11-14 09:32:58,668 - __main__ - INFO - Schémas créés
2025-11-14 09:32:58,672 - __main__ - INFO - dim_date déjà existante
2025-11-14 09:32:58,673 - __main__ - INFO - DÉBUT CHARGEMENT RÉEL HDFS → STAGING
2025-11-14 09:33:02,685 - __main__ - ERROR - Erreur list HDFS /datalake/raw/mysql: HTTPConnectionPool(host='hadoop-namenode', port=9870): Max retries exceeded with url: /webhdfs/v1/datalake/raw/mysql?op=LISTSTATUS (Caused by NameResolutionError("<urllib3.connection.HTTPConnection object at 0x7db13dd74a60>: Failed to resolve 'hadoop-namenode' ([Errno -5] No address associated with hostname)"))
2025-11-14 09:33:06,734 - __main__ - ERROR - Erreur list HDFS /datalake/raw/mongodb: HTTPConnectionPool(host='hadoop-namenode', port=9870): Max retries exceeded with url: /webhdfs/v1/datalake/raw/mongodb?op=LISTSTATUS (Caused by NameResolutionError("<urllib3.connection.HTTPConnection object at 0x7db13dd994f0>: Failed to resolve 'hadoop-namenode' ([Errno -5] No address associated with hostname)"))
2025-11-14 09:33:10,740 - __main__ - ERROR - Erreur list HDFS /datalake/raw/csv: HTTPConnectionPool(host='hadoop-namenode', port=9870): Max retries exceeded with url: /webhdfs/v1/datalake/raw/csv?op=LISTSTATUS (Caused by NameResolutionError("<urllib3.connection.HTTPConnection object at 0x7db13dd99e50>: Failed to resolve 'hadoop-namenode' ([Errno -5] No address associated with hostname)"))
2025-11-14 09:33:14,750 - __main__ - ERROR - Erreur list HDFS /datalake/raw/excel: HTTPConnectionPool(host='hadoop-namenode', port=9870): Max retries exceeded with url: /webhdfs/v1/datalake/raw/excel?op=LISTSTATUS (Caused by NameResolutionError("<urllib3.connection.HTTPConnection object at 0x7db13dd999d0>: Failed to resolve 'hadoop-namenode' ([Errno -5] No address associated with hostname)"))
2025-11-14 09:33:14,752 - __main__ - INFO - FIN CHARGEMENT → TOTAL : 0 lignes
2025-11-14 09:33:14,754 - __main__ - WARNING - Aucun fichier Parquet trouvé dans /datalake/raw/*
2025-11-14 09:33:14,755 - __main__ - INFO - ======================================================================
2025-11-14 09:33:14,756 - __main__ - INFO - ETL TERMINÉ AVEC SUCCÈS – TON DWH EST ALIMENTÉ PAR LE DATA LAKE
2025-11-14 09:33:14,757 - __main__ - INFO - ======================================================================
2025-11-14 09:39:19,782 - __main__ - INFO - ======================================================================
2025-11-14 09:39:19,783 - __main__ - INFO - DÉMARRAGE ETL RÉEL : DATA LAKE → DATA WAREHOUSE
2025-11-14 09:39:19,783 - __main__ - INFO - ======================================================================
2025-11-14 09:39:19,789 - __main__ - INFO - Connexion PostgreSQL OK
2025-11-14 09:39:19,790 - __main__ - INFO - Schémas créés
2025-11-14 09:39:19,792 - __main__ - INFO - dim_date déjà existante
2025-11-14 09:39:19,792 - __main__ - INFO - DÉBUT CHARGEMENT RÉEL HDFS → STAGING
2025-11-14 09:39:23,796 - __main__ - ERROR - Erreur list HDFS /datalake/raw/mysql: HTTPConnectionPool(host='hadoop-namenode', port=9870): Max retries exceeded with url: /webhdfs/v1/datalake/raw/mysql?op=LISTSTATUS (Caused by NameResolutionError("<urllib3.connection.HTTPConnection object at 0x757ec33f7a00>: Failed to resolve 'hadoop-namenode' ([Errno -5] No address associated with hostname)"))
2025-11-14 09:39:27,801 - __main__ - ERROR - Erreur list HDFS /datalake/raw/mongodb: HTTPConnectionPool(host='hadoop-namenode', port=9870): Max retries exceeded with url: /webhdfs/v1/datalake/raw/mongodb?op=LISTSTATUS (Caused by NameResolutionError("<urllib3.connection.HTTPConnection object at 0x757ec341c490>: Failed to resolve 'hadoop-namenode' ([Errno -5] No address associated with hostname)"))
2025-11-14 09:39:31,808 - __main__ - ERROR - Erreur list HDFS /datalake/raw/csv: HTTPConnectionPool(host='hadoop-namenode', port=9870): Max retries exceeded with url: /webhdfs/v1/datalake/raw/csv?op=LISTSTATUS (Caused by NameResolutionError("<urllib3.connection.HTTPConnection object at 0x757ec341cdf0>: Failed to resolve 'hadoop-namenode' ([Errno -5] No address associated with hostname)"))
2025-11-14 09:39:35,815 - __main__ - ERROR - Erreur list HDFS /datalake/raw/excel: HTTPConnectionPool(host='hadoop-namenode', port=9870): Max retries exceeded with url: /webhdfs/v1/datalake/raw/excel?op=LISTSTATUS (Caused by NameResolutionError("<urllib3.connection.HTTPConnection object at 0x757ec341c970>: Failed to resolve 'hadoop-namenode' ([Errno -5] No address associated with hostname)"))
2025-11-14 09:39:35,816 - __main__ - INFO - FIN CHARGEMENT → TOTAL : 0 lignes
2025-11-14 09:39:35,817 - __main__ - WARNING - Aucun fichier Parquet trouvé dans /datalake/raw/*
2025-11-14 09:39:35,818 - __main__ - INFO - ======================================================================
2025-11-14 09:39:35,819 - __main__ - INFO - ETL TERMINÉ AVEC SUCCÈS – TON DWH EST ALIMENTÉ PAR LE DATA LAKE
2025-11-14 09:39:35,820 - __main__ - INFO - ======================================================================
2025-11-14 09:42:55,396 - __main__ - INFO - ======================================================================
2025-11-14 09:42:55,396 - __main__ - INFO - DÉMARRAGE ETL RÉEL : DATA LAKE → DATA WAREHOUSE
2025-11-14 09:42:55,397 - __main__ - INFO - ======================================================================
2025-11-14 09:42:55,403 - __main__ - INFO - Connexion PostgreSQL OK
2025-11-14 09:42:55,405 - __main__ - INFO - Schémas créés
2025-11-14 09:42:55,407 - __main__ - INFO - dim_date déjà existante
2025-11-14 09:42:55,408 - __main__ - INFO - DÉBUT CHARGEMENT RÉEL HDFS → STAGING
2025-11-14 09:42:59,413 - __main__ - ERROR - Erreur list HDFS /datalake/raw/mysql: HTTPConnectionPool(host='hadoop-namenode', port=9870): Max retries exceeded with url: /webhdfs/v1/datalake/raw/mysql?op=LISTSTATUS (Caused by NameResolutionError("<urllib3.connection.HTTPConnection object at 0x7eab391a0a00>: Failed to resolve 'hadoop-namenode' ([Errno -5] No address associated with hostname)"))
2025-11-14 09:43:03,420 - __main__ - ERROR - Erreur list HDFS /datalake/raw/mongodb: HTTPConnectionPool(host='hadoop-namenode', port=9870): Max retries exceeded with url: /webhdfs/v1/datalake/raw/mongodb?op=LISTSTATUS (Caused by NameResolutionError("<urllib3.connection.HTTPConnection object at 0x7eab391c6490>: Failed to resolve 'hadoop-namenode' ([Errno -5] No address associated with hostname)"))
2025-11-14 09:43:07,486 - __main__ - ERROR - Erreur list HDFS /datalake/raw/csv: HTTPConnectionPool(host='hadoop-namenode', port=9870): Max retries exceeded with url: /webhdfs/v1/datalake/raw/csv?op=LISTSTATUS (Caused by NameResolutionError("<urllib3.connection.HTTPConnection object at 0x7eab391c6df0>: Failed to resolve 'hadoop-namenode' ([Errno -5] No address associated with hostname)"))
2025-11-14 09:43:11,493 - __main__ - ERROR - Erreur list HDFS /datalake/raw/excel: HTTPConnectionPool(host='hadoop-namenode', port=9870): Max retries exceeded with url: /webhdfs/v1/datalake/raw/excel?op=LISTSTATUS (Caused by NameResolutionError("<urllib3.connection.HTTPConnection object at 0x7eab391c6970>: Failed to resolve 'hadoop-namenode' ([Errno -5] No address associated with hostname)"))
2025-11-14 09:43:11,494 - __main__ - INFO - FIN CHARGEMENT → TOTAL : 0 lignes
2025-11-14 09:43:11,495 - __main__ - WARNING - Aucun fichier Parquet trouvé dans /datalake/raw/*
2025-11-14 09:43:11,496 - __main__ - INFO - ======================================================================
2025-11-14 09:43:11,496 - __main__ - INFO - ETL TERMINÉ AVEC SUCCÈS – TON DWH EST ALIMENTÉ PAR LE DATA LAKE
2025-11-14 09:43:11,497 - __main__ - INFO - ======================================================================
2025-11-14 09:45:11,118 - __main__ - INFO - ======================================================================
2025-11-14 09:45:11,119 - __main__ - INFO - DÉMARRAGE ETL RÉEL : DATA LAKE → DATA WAREHOUSE
2025-11-14 09:45:11,121 - __main__ - INFO - ======================================================================
2025-11-14 09:45:11,131 - __main__ - INFO - Connexion PostgreSQL OK
2025-11-14 09:45:11,134 - __main__ - INFO - Schémas créés
2025-11-14 09:45:11,136 - __main__ - INFO - dim_date déjà existante
2025-11-14 09:45:11,137 - __main__ - INFO - DÉBUT CHARGEMENT RÉEL HDFS → STAGING
2025-11-14 09:45:15,145 - __main__ - ERROR - Erreur list HDFS /datalake/raw/mysql: HTTPConnectionPool(host='hadoop-namenode', port=9870): Max retries exceeded with url: /webhdfs/v1/datalake/raw/mysql?op=LISTSTATUS (Caused by NameResolutionError("<urllib3.connection.HTTPConnection object at 0x7fe6d9824a00>: Failed to resolve 'hadoop-namenode' ([Errno -5] No address associated with hostname)"))
2025-11-14 09:45:19,151 - __main__ - ERROR - Erreur list HDFS /datalake/raw/mongodb: HTTPConnectionPool(host='hadoop-namenode', port=9870): Max retries exceeded with url: /webhdfs/v1/datalake/raw/mongodb?op=LISTSTATUS (Caused by NameResolutionError("<urllib3.connection.HTTPConnection object at 0x7fe6d9849490>: Failed to resolve 'hadoop-namenode' ([Errno -5] No address associated with hostname)"))
2025-11-14 09:45:23,157 - __main__ - ERROR - Erreur list HDFS /datalake/raw/csv: HTTPConnectionPool(host='hadoop-namenode', port=9870): Max retries exceeded with url: /webhdfs/v1/datalake/raw/csv?op=LISTSTATUS (Caused by NameResolutionError("<urllib3.connection.HTTPConnection object at 0x7fe6d9849df0>: Failed to resolve 'hadoop-namenode' ([Errno -5] No address associated with hostname)"))
2025-11-14 09:45:27,163 - __main__ - ERROR - Erreur list HDFS /datalake/raw/excel: HTTPConnectionPool(host='hadoop-namenode', port=9870): Max retries exceeded with url: /webhdfs/v1/datalake/raw/excel?op=LISTSTATUS (Caused by NameResolutionError("<urllib3.connection.HTTPConnection object at 0x7fe6d9849970>: Failed to resolve 'hadoop-namenode' ([Errno -5] No address associated with hostname)"))
2025-11-14 09:45:27,165 - __main__ - INFO - FIN CHARGEMENT → TOTAL : 0 lignes
2025-11-14 09:45:27,169 - __main__ - WARNING - Aucun fichier Parquet trouvé dans /datalake/raw/*
2025-11-14 09:45:27,170 - __main__ - INFO - ======================================================================
2025-11-14 09:45:27,172 - __main__ - INFO - ETL TERMINÉ AVEC SUCCÈS – TON DWH EST ALIMENTÉ PAR LE DATA LAKE
2025-11-14 09:45:27,173 - __main__ - INFO - ======================================================================
2025-11-14 10:01:47,176 - __main__ - INFO - ======================================================================
2025-11-14 10:01:47,177 - __main__ - INFO - DÉMARRAGE ETL RÉEL : DATA LAKE → DATA WAREHOUSE
2025-11-14 10:01:47,178 - __main__ - INFO - ======================================================================
2025-11-14 10:01:47,183 - __main__ - INFO - Connexion PostgreSQL OK
2025-11-14 10:01:47,185 - __main__ - INFO - Schémas créés
2025-11-14 10:01:47,186 - __main__ - INFO - dim_date déjà existante
2025-11-14 10:01:47,187 - __main__ - INFO - DÉBUT CHARGEMENT RÉEL HDFS → STAGING
2025-11-14 10:01:51,191 - __main__ - ERROR - Erreur list HDFS /datalake/raw/mysql: HTTPConnectionPool(host='hadoop-namenode', port=9870): Max retries exceeded with url: /webhdfs/v1/datalake/raw/mysql?op=LISTSTATUS (Caused by NameResolutionError("<urllib3.connection.HTTPConnection object at 0x7006685bda00>: Failed to resolve 'hadoop-namenode' ([Errno -5] No address associated with hostname)"))
2025-11-14 10:01:55,195 - __main__ - ERROR - Erreur list HDFS /datalake/raw/mongodb: HTTPConnectionPool(host='hadoop-namenode', port=9870): Max retries exceeded with url: /webhdfs/v1/datalake/raw/mongodb?op=LISTSTATUS (Caused by NameResolutionError("<urllib3.connection.HTTPConnection object at 0x7006685e3490>: Failed to resolve 'hadoop-namenode' ([Errno -5] No address associated with hostname)"))
2025-11-14 10:01:59,199 - __main__ - ERROR - Erreur list HDFS /datalake/raw/csv: HTTPConnectionPool(host='hadoop-namenode', port=9870): Max retries exceeded with url: /webhdfs/v1/datalake/raw/csv?op=LISTSTATUS (Caused by NameResolutionError("<urllib3.connection.HTTPConnection object at 0x7006685e3df0>: Failed to resolve 'hadoop-namenode' ([Errno -5] No address associated with hostname)"))
2025-11-14 10:02:03,207 - __main__ - ERROR - Erreur list HDFS /datalake/raw/excel: HTTPConnectionPool(host='hadoop-namenode', port=9870): Max retries exceeded with url: /webhdfs/v1/datalake/raw/excel?op=LISTSTATUS (Caused by NameResolutionError("<urllib3.connection.HTTPConnection object at 0x7006685e3970>: Failed to resolve 'hadoop-namenode' ([Errno -5] No address associated with hostname)"))
2025-11-14 10:02:03,208 - __main__ - INFO - FIN CHARGEMENT → TOTAL : 0 lignes
2025-11-14 10:02:03,210 - __main__ - WARNING - Aucun fichier Parquet trouvé dans /datalake/raw/*
2025-11-14 10:02:03,211 - __main__ - INFO - ======================================================================
2025-11-14 10:02:03,213 - __main__ - INFO - ETL TERMINÉ AVEC SUCCÈS – TON DWH EST ALIMENTÉ PAR LE DATA LAKE
2025-11-14 10:02:03,214 - __main__ - INFO - ======================================================================
2025-11-14 10:03:49,040 - __main__ - INFO - ======================================================================
2025-11-14 10:03:49,041 - __main__ - INFO - DÉMARRAGE ETL RÉEL : DATA LAKE → DATA WAREHOUSE
2025-11-14 10:03:49,042 - __main__ - INFO - ======================================================================
2025-11-14 10:03:49,047 - __main__ - INFO - Connexion PostgreSQL OK
2025-11-14 10:03:49,048 - __main__ - INFO - Schémas créés
2025-11-14 10:03:49,049 - __main__ - INFO - dim_date déjà existante
2025-11-14 10:03:49,050 - __main__ - INFO - DÉBUT CHARGEMENT RÉEL HDFS → STAGING
2025-11-14 10:03:53,055 - __main__ - ERROR - Erreur list HDFS /datalake/raw/mysql: HTTPConnectionPool(host='hadoop-namenode', port=9870): Max retries exceeded with url: /webhdfs/v1/datalake/raw/mysql?op=LISTSTATUS (Caused by NameResolutionError("<urllib3.connection.HTTPConnection object at 0x7b979e67ea00>: Failed to resolve 'hadoop-namenode' ([Errno -5] No address associated with hostname)"))
2025-11-14 10:03:57,062 - __main__ - ERROR - Erreur list HDFS /datalake/raw/mongodb: HTTPConnectionPool(host='hadoop-namenode', port=9870): Max retries exceeded with url: /webhdfs/v1/datalake/raw/mongodb?op=LISTSTATUS (Caused by NameResolutionError("<urllib3.connection.HTTPConnection object at 0x7b979e6a3490>: Failed to resolve 'hadoop-namenode' ([Errno -5] No address associated with hostname)"))
2025-11-14 10:04:01,067 - __main__ - ERROR - Erreur list HDFS /datalake/raw/csv: HTTPConnectionPool(host='hadoop-namenode', port=9870): Max retries exceeded with url: /webhdfs/v1/datalake/raw/csv?op=LISTSTATUS (Caused by NameResolutionError("<urllib3.connection.HTTPConnection object at 0x7b979e6a3df0>: Failed to resolve 'hadoop-namenode' ([Errno -5] No address associated with hostname)"))
2025-11-14 10:04:05,071 - __main__ - ERROR - Erreur list HDFS /datalake/raw/excel: HTTPConnectionPool(host='hadoop-namenode', port=9870): Max retries exceeded with url: /webhdfs/v1/datalake/raw/excel?op=LISTSTATUS (Caused by NameResolutionError("<urllib3.connection.HTTPConnection object at 0x7b979e6a3970>: Failed to resolve 'hadoop-namenode' ([Errno -5] No address associated with hostname)"))
2025-11-14 10:04:05,072 - __main__ - INFO - FIN CHARGEMENT → TOTAL : 0 lignes
2025-11-14 10:04:05,072 - __main__ - WARNING - Aucun fichier Parquet trouvé dans /datalake/raw/*
2025-11-14 10:04:05,073 - __main__ - INFO - ======================================================================
2025-11-14 10:04:05,074 - __main__ - INFO - ETL TERMINÉ AVEC SUCCÈS – TON DWH EST ALIMENTÉ PAR LE DATA LAKE
2025-11-14 10:04:05,075 - __main__ - INFO - ======================================================================
2025-11-14 10:05:12,634 - __main__ - INFO - ======================================================================
2025-11-14 10:05:12,634 - __main__ - INFO - DÉMARRAGE ETL RÉEL : DATA LAKE → DATA WAREHOUSE
2025-11-14 10:05:12,635 - __main__ - INFO - ======================================================================
2025-11-14 10:05:12,641 - __main__ - INFO - Connexion PostgreSQL OK
2025-11-14 10:05:12,642 - __main__ - INFO - Schémas créés
2025-11-14 10:05:12,644 - __main__ - INFO - dim_date déjà existante
2025-11-14 10:05:12,644 - __main__ - INFO - DÉBUT CHARGEMENT RÉEL HDFS → STAGING
2025-11-14 10:05:16,649 - __main__ - ERROR - Erreur list HDFS /datalake/raw/mysql: HTTPConnectionPool(host='hadoop-namenode', port=9870): Max retries exceeded with url: /webhdfs/v1/datalake/raw/mysql?op=LISTSTATUS (Caused by NameResolutionError("<urllib3.connection.HTTPConnection object at 0x709f81264a00>: Failed to resolve 'hadoop-namenode' ([Errno -5] No address associated with hostname)"))
2025-11-14 10:05:20,654 - __main__ - ERROR - Erreur list HDFS /datalake/raw/mongodb: HTTPConnectionPool(host='hadoop-namenode', port=9870): Max retries exceeded with url: /webhdfs/v1/datalake/raw/mongodb?op=LISTSTATUS (Caused by NameResolutionError("<urllib3.connection.HTTPConnection object at 0x709f8128a490>: Failed to resolve 'hadoop-namenode' ([Errno -5] No address associated with hostname)"))
2025-11-14 10:05:24,663 - __main__ - ERROR - Erreur list HDFS /datalake/raw/csv: HTTPConnectionPool(host='hadoop-namenode', port=9870): Max retries exceeded with url: /webhdfs/v1/datalake/raw/csv?op=LISTSTATUS (Caused by NameResolutionError("<urllib3.connection.HTTPConnection object at 0x709f8128adf0>: Failed to resolve 'hadoop-namenode' ([Errno -5] No address associated with hostname)"))
2025-11-14 10:05:28,672 - __main__ - ERROR - Erreur list HDFS /datalake/raw/excel: HTTPConnectionPool(host='hadoop-namenode', port=9870): Max retries exceeded with url: /webhdfs/v1/datalake/raw/excel?op=LISTSTATUS (Caused by NameResolutionError("<urllib3.connection.HTTPConnection object at 0x709f8128a970>: Failed to resolve 'hadoop-namenode' ([Errno -5] No address associated with hostname)"))
2025-11-14 10:05:28,674 - __main__ - INFO - FIN CHARGEMENT → TOTAL : 0 lignes
2025-11-14 10:05:28,675 - __main__ - WARNING - Aucun fichier Parquet trouvé dans /datalake/raw/*
2025-11-14 10:05:28,677 - __main__ - INFO - ======================================================================
2025-11-14 10:05:28,679 - __main__ - INFO - ETL TERMINÉ AVEC SUCCÈS – TON DWH EST ALIMENTÉ PAR LE DATA LAKE
2025-11-14 10:05:28,679 - __main__ - INFO - ======================================================================
2025-11-14 10:08:39,389 - __main__ - INFO - ======================================================================
2025-11-14 10:08:39,390 - __main__ - INFO - DÉMARRAGE ETL RÉEL : DATA LAKE → DATA WAREHOUSE
2025-11-14 10:08:39,390 - __main__ - INFO - ======================================================================
2025-11-14 10:08:39,397 - __main__ - INFO - Connexion PostgreSQL OK
2025-11-14 10:08:39,399 - __main__ - INFO - Schémas créés
2025-11-14 10:08:39,404 - __main__ - INFO - dim_date déjà existante
2025-11-14 10:08:39,405 - __main__ - INFO - DÉBUT CHARGEMENT RÉEL HDFS → STAGING
2025-11-14 10:08:43,426 - __main__ - ERROR - Erreur list HDFS /datalake/raw/mysql: HTTPConnectionPool(host='hadoop-namenode', port=9870): Max retries exceeded with url: /webhdfs/v1/datalake/raw/mysql?op=LISTSTATUS (Caused by NameResolutionError("<urllib3.connection.HTTPConnection object at 0x724f0b01fa00>: Failed to resolve 'hadoop-namenode' ([Errno -5] No address associated with hostname)"))
2025-11-14 10:08:47,432 - __main__ - ERROR - Erreur list HDFS /datalake/raw/mongodb: HTTPConnectionPool(host='hadoop-namenode', port=9870): Max retries exceeded with url: /webhdfs/v1/datalake/raw/mongodb?op=LISTSTATUS (Caused by NameResolutionError("<urllib3.connection.HTTPConnection object at 0x724f0b045490>: Failed to resolve 'hadoop-namenode' ([Errno -5] No address associated with hostname)"))
2025-11-14 10:08:51,437 - __main__ - ERROR - Erreur list HDFS /datalake/raw/csv: HTTPConnectionPool(host='hadoop-namenode', port=9870): Max retries exceeded with url: /webhdfs/v1/datalake/raw/csv?op=LISTSTATUS (Caused by NameResolutionError("<urllib3.connection.HTTPConnection object at 0x724f0b045df0>: Failed to resolve 'hadoop-namenode' ([Errno -5] No address associated with hostname)"))
2025-11-14 10:08:55,446 - __main__ - ERROR - Erreur list HDFS /datalake/raw/excel: HTTPConnectionPool(host='hadoop-namenode', port=9870): Max retries exceeded with url: /webhdfs/v1/datalake/raw/excel?op=LISTSTATUS (Caused by NameResolutionError("<urllib3.connection.HTTPConnection object at 0x724f0b045970>: Failed to resolve 'hadoop-namenode' ([Errno -5] No address associated with hostname)"))
2025-11-14 10:08:55,447 - __main__ - INFO - FIN CHARGEMENT → TOTAL : 0 lignes
2025-11-14 10:08:55,447 - __main__ - WARNING - Aucun fichier Parquet trouvé dans /datalake/raw/*
2025-11-14 10:08:55,448 - __main__ - INFO - ======================================================================
2025-11-14 10:08:55,448 - __main__ - INFO - ETL TERMINÉ AVEC SUCCÈS – TON DWH EST ALIMENTÉ PAR LE DATA LAKE
2025-11-14 10:08:55,449 - __main__ - INFO - ======================================================================
2025-11-14 10:13:39,501 - __main__ - INFO - ======================================================================
2025-11-14 10:13:39,502 - __main__ - INFO - DÉMARRAGE ETL RÉEL : DATA LAKE → DATA WAREHOUSE
2025-11-14 10:13:39,503 - __main__ - INFO - ======================================================================
2025-11-14 10:13:39,508 - __main__ - INFO - Connexion PostgreSQL OK
2025-11-14 10:13:39,510 - __main__ - INFO - Schémas créés
2025-11-14 10:13:39,511 - __main__ - INFO - dim_date déjà existante
2025-11-14 10:13:39,512 - __main__ - INFO - DÉBUT CHARGEMENT RÉEL HDFS → STAGING
2025-11-14 10:13:39,921 - __main__ - ERROR - ÉCHEC ETL : Execution failed on sql '
        SELECT
            name
        FROM
            sqlite_master
        WHERE
            type IN ('table', 'view')
            AND name=?;
        ': syntax error at or near ";"
LINE 8:             AND name=?;
                              ^

